ranges.ghul(17,1,17,5): error : code generation for a struct method call is not supported on the wasm target [test.ghulproj]
ranges.ghul(17,1,17,5): error : code generation for an argument of type Ghul.INT_RANGE is not supported on the wasm target [test.ghulproj]
ranges.ghul(19,1,19,6): error : code generation for the runtime operation NEW_RANGE is not supported on the wasm target [test.ghulproj]
ranges.ghul(3,1,3,6): error : code generation for a local of type Ghul.INT_RANGE is not supported on the wasm target [test.ghulproj]
ranges.ghul(3,1,3,6): error : code generation for a local of type Ghul.INT_RANGE_INCLUSIVE is not supported on the wasm target [test.ghulproj]
ranges.ghul(3,1,3,6): error : code generation for a struct method call is not supported on the wasm target [test.ghulproj]
ranges.ghul(3,1,3,6): error : code generation for the runtime operation NEW_RANGE is not supported on the wasm target [test.ghulproj]
