comparison.ghul(6,1,6,2): error : code generation for a struct method call is not supported on the wasm target [test.ghulproj]
comparison.ghul(6,1,6,2): error : code generation for an argument of type decimal is not supported on the wasm target [test.ghulproj]
comparison.ghul(9,1,9,6): error : code generation for a decimal literal is not supported on the wasm target [test.ghulproj]
