list.ghul(6,1,6,4): error : code generation for a call to $get_capacity is not supported on the wasm target [test.ghulproj]
list.ghul(6,1,6,4): error : code generation for a call to $get_count is not supported on the wasm target [test.ghulproj]
list.ghul(6,1,6,4): error : code generation for a call to $get_iterator is not supported on the wasm target [test.ghulproj]
list.ghul(6,1,6,4): error : code generation for a call to add is not supported on the wasm target [test.ghulproj]
list.ghul(6,1,6,4): error : code generation for a call to insert is not supported on the wasm target [test.ghulproj]
list.ghul(6,1,6,4): error : code generation for a call to remove_at is not supported on the wasm target [test.ghulproj]
list.ghul(6,1,6,4): error : code generation for a call to set_Item is not supported on the wasm target [test.ghulproj]
list.ghul(6,1,6,4): error : code generation for a local of type Collections.LIST[int] is not supported on the wasm target [test.ghulproj]
list.ghul(6,1,6,4): error : code generation for a local of type Ghul.INT_RANGE is not supported on the wasm target [test.ghulproj]
list.ghul(6,1,6,4): error : code generation for a struct method call is not supported on the wasm target [test.ghulproj]
list.ghul(6,1,6,4): error : code generation for a virtual call to $get_current is not supported on the wasm target [test.ghulproj]
list.ghul(6,1,6,4): error : code generation for a virtual call to get_Item is not supported on the wasm target [test.ghulproj]
list.ghul(6,1,6,4): error : code generation for a virtual call to move_next is not supported on the wasm target [test.ghulproj]
list.ghul(6,1,6,4): error : code generation for constructing a Collections.LIST[int] is not supported on the wasm target [test.ghulproj]
list.ghul(6,1,6,4): error : code generation for the runtime operation NEW_RANGE is not supported on the wasm target [test.ghulproj]
