/home/degory/src/ghul-language/worktrees/ghul-core/string-tier/src/string_members.ghul(106,9,106,17): error : code generation for a struct method call is not supported on the wasm target [test.ghulproj]
/home/degory/src/ghul-language/worktrees/ghul-core/string-tier/src/string_members.ghul(116,9,116,20): error : code generation for a struct method call is not supported on the wasm target [test.ghulproj]
/home/degory/src/ghul-language/worktrees/ghul-core/string-tier/src/string_members.ghul(13,9,13,18): error : code generation for a call to _string_substring is not supported on the wasm target [test.ghulproj]
/home/degory/src/ghul-language/worktrees/ghul-core/string-tier/src/string_members.ghul(13,9,13,18): error : code generation for a struct method call is not supported on the wasm target [test.ghulproj]
/home/degory/src/ghul-language/worktrees/ghul-core/string-tier/src/string_members.ghul(13,9,13,18): error : code generation for throw is not supported on the wasm target [test.ghulproj]
/home/degory/src/ghul-language/worktrees/ghul-core/string-tier/src/string_members.ghul(134,9,134,18): error : code generation for a struct method call is not supported on the wasm target [test.ghulproj]
/home/degory/src/ghul-language/worktrees/ghul-core/string-tier/src/string_members.ghul(138,9,138,13): error : code generation for a struct method call is not supported on the wasm target [test.ghulproj]
/home/degory/src/ghul-language/worktrees/ghul-core/string-tier/src/string_members.ghul(156,9,156,17): error : code generation for a call to _string_from_char is not supported on the wasm target [test.ghulproj]
/home/degory/src/ghul-language/worktrees/ghul-core/string-tier/src/string_members.ghul(156,9,156,17): error : code generation for a struct method call is not supported on the wasm target [test.ghulproj]
/home/degory/src/ghul-language/worktrees/ghul-core/string-tier/src/string_members.ghul(199,9,199,14): error : code generation for a call to _string_from_char is not supported on the wasm target [test.ghulproj]
/home/degory/src/ghul-language/worktrees/ghul-core/string-tier/src/string_members.ghul(205,9,205,14): error : code generation for a call to _array_new is not supported on the wasm target [test.ghulproj]
/home/degory/src/ghul-language/worktrees/ghul-core/string-tier/src/string_members.ghul(205,9,205,14): error : code generation for a call to _array_set is not supported on the wasm target [test.ghulproj]
/home/degory/src/ghul-language/worktrees/ghul-core/string-tier/src/string_members.ghul(205,9,205,14): error : code generation for a call to add is not supported on the wasm target [test.ghulproj]
/home/degory/src/ghul-language/worktrees/ghul-core/string-tier/src/string_members.ghul(205,9,205,14): error : code generation for a local of type Collections.LIST[string] is not supported on the wasm target [test.ghulproj]
/home/degory/src/ghul-language/worktrees/ghul-core/string-tier/src/string_members.ghul(205,9,205,14): error : code generation for a struct method call is not supported on the wasm target [test.ghulproj]
/home/degory/src/ghul-language/worktrees/ghul-core/string-tier/src/string_members.ghul(205,9,205,14): error : code generation for constructing a Collections.LIST[string] is not supported on the wasm target [test.ghulproj]
/home/degory/src/ghul-language/worktrees/ghul-core/string-tier/src/string_members.ghul(237,9,237,16): error : code generation for a struct method call is not supported on the wasm target [test.ghulproj]
/home/degory/src/ghul-language/worktrees/ghul-core/string-tier/src/string_members.ghul(237,9,237,16): error : code generation for throw is not supported on the wasm target [test.ghulproj]
/home/degory/src/ghul-language/worktrees/ghul-core/string-tier/src/string_members.ghul(300,9,300,13): error : code generation for a virtual call to $get_current is not supported on the wasm target [test.ghulproj]
/home/degory/src/ghul-language/worktrees/ghul-core/string-tier/src/string_members.ghul(300,9,300,13): error : code generation for a virtual call to $get_iterator is not supported on the wasm target [test.ghulproj]
/home/degory/src/ghul-language/worktrees/ghul-core/string-tier/src/string_members.ghul(300,9,300,13): error : code generation for a virtual call to move_next is not supported on the wasm target [test.ghulproj]
/home/degory/src/ghul-language/worktrees/ghul-core/string-tier/src/string_members.ghul(333,9,333,16): error : code generation for a struct method call is not supported on the wasm target [test.ghulproj]
/home/degory/src/ghul-language/worktrees/ghul-core/string-tier/src/string_members.ghul(358,9,358,20): error : code generation for a struct method call is not supported on the wasm target [test.ghulproj]
/home/degory/src/ghul-language/worktrees/ghul-core/string-tier/src/string_members.ghul(372,9,372,25): error : code generation for a struct method call is not supported on the wasm target [test.ghulproj]
/home/degory/src/ghul-language/worktrees/ghul-core/string-tier/src/string_members.ghul(382,9,382,24): error : code generation for a struct method call is not supported on the wasm target [test.ghulproj]
/home/degory/src/ghul-language/worktrees/ghul-core/string-tier/src/string_members.ghul(394,5,394,20): error : code generation for a struct method call is not supported on the wasm target [test.ghulproj]
/home/degory/src/ghul-language/worktrees/ghul-core/string-tier/src/string_members.ghul(404,5,404,12): error : code generation for a call to _string_from_char is not supported on the wasm target [test.ghulproj]
/home/degory/src/ghul-language/worktrees/ghul-core/string-tier/src/string_members.ghul(404,5,404,12): error : code generation for a struct method call is not supported on the wasm target [test.ghulproj]
/home/degory/src/ghul-language/worktrees/ghul-core/string-tier/src/string_members.ghul(54,9,54,17): error : code generation for a struct method call is not supported on the wasm target [test.ghulproj]
/home/degory/src/ghul-language/worktrees/ghul-core/string-tier/src/string_members.ghul(72,9,72,22): error : code generation for a struct method call is not supported on the wasm target [test.ghulproj]
