[/a/b/c.txt] name=[c.txt] stem=[c] ext=[.txt] has=true dir=[/a/b] rooted=true
[a/b] name=[b] stem=[b] ext=[] has=false dir=[a] rooted=false
[/] name=[] stem=[] ext=[] has=false dir=[null] rooted=true
[] name=[] stem=[] ext=[] has=false dir=[null] rooted=false
[c.tar.gz] name=[c.tar.gz] stem=[c.tar] ext=[.gz] has=true dir=[] rooted=false
[dir/] name=[] stem=[] ext=[] has=false dir=[dir] rooted=false
[/x] name=[x] stem=[x] ext=[] has=false dir=[/] rooted=true
[.hidden] name=[.hidden] stem=[] ext=[.hidden] has=true dir=[] rooted=false
[noext.] name=[noext.] stem=[noext] ext=[] has=false dir=[] rooted=false
a/b
a/b
/b
b
a
a/b/c
a/b/c/d
x/y/z
/a/b.md
/a/b.md
/a/b.md
/a/c
/a/b/
../c/d
.
false false
missing: Could not find file '/data.txt'.
unsupported
