tuples.ghul(14,1,14,6): error : code generation for a tuple is not supported on the wasm target [test.ghulproj]
tuples.ghul(6,1,6,5): error : code generation for a result of type (bool, int) is not supported on the wasm target [test.ghulproj]
tuples.ghul(6,1,6,5): error : code generation for a tuple is not supported on the wasm target [test.ghulproj]
tuples.ghul(6,1,6,5): error : code generation for an argument of type (int, bool) is not supported on the wasm target [test.ghulproj]
tuples.ghul(6,1,6,5): error : code generation for the default value of (bool, int) is not supported on the wasm target [test.ghulproj]
tuples.ghul(8,1,8,2): error : code generation for a field of a value type is not supported on the wasm target [test.ghulproj]
tuples.ghul(8,1,8,2): error : code generation for a local of type (bool, int) is not supported on the wasm target [test.ghulproj]
tuples.ghul(8,1,8,2): error : code generation for a tuple is not supported on the wasm target [test.ghulproj]
tuples.ghul(8,1,8,2): error : code generation for an argument of type (x: int, y: int) is not supported on the wasm target [test.ghulproj]
